##########################################################################################################
#  Itn.    time          dt         CFL#       D#         visc       DilMin        DilMax        NewtonRs#
##########################################################################################################
0       0  0.000000E+00  0.800E+00  0.293E+00  0.320E+00  0.232E+00  0.000000E+00  0.000000E+00  0.347E-11
0       1  0.800000E+00  0.800E+00  0.293E+00  0.320E+00  0.232E+00 -0.408560E-05  0.769696E-07  0.356E-11
